<?php

function foo(array $a) { return 0; }

$_ = [isset($x) ? $x : $y]; // expressions in global scope
$_ = foo([$x ? $x : 5]);
$_ = [
    [foo(array($x ? $x : 5))],
    [foo([$x ? $x : 5])],
    [foo([$x ? $x : 5])],
    [[$x ?: 5]],
];

function f() {
    $_ = [
        [foo(array($x ? $x : 5))],
        [foo([$x ? $x : 5])],
        [foo([$x ? $x : 5])],
        [[$x ?: 5]],
    ];
    $_ = [isset($x) ? $x : $y]; // and in block
}
