<?php
declare(strict_types = 1);

class SimpleClass
{

/**
 * This is what the variable does. The var line contains the type stored in this variable.
 * @var string
 */
private string $foo;


/**
 * This is what the variable does. The var line contains the type stored in this variable.
 * @var string
 */
private string $foo2 ;

/**
 * @param $str string
 * @param $str2 string
 */
function test(string $str, string $str){
}
}

/**
 * @param $str string
 */
function test2(string $str){
}